   Compiling happenstance-benchmarks v0.0.0 (D:\repos\happenstance\benchmarks)
    Finished `release` profile [optimized] target(s) in 3.01s
     Running `target\release\overhead.exe`
commit:    6c7a7a8-dirty
date:      2026-09-08
toolchain: rustc 1.97.1 (8bab26f4f 2026-07-14)
target:    x86_64-pc-windows-msvc
profile:   release
cpus:      20
sqlite:    3.53.2

[overhead/append] paired run: 200 recorded rounds, timer overhead 68ns/sample
  raw/same-schema              n=200     median=      352255ns p95=      628735ns p99=     7139327ns max=     9928703ns              drift=1.015
  raw/hand-rolled              n=200     median=      142719ns p95=      318207ns p99=      409343ns max=    10338303ns              drift=1.075
  happenstance-sqlite          n=200     median=      629247ns p95=     2085887ns p99=     7938047ns max=    20496383ns              drift=1.121

[overhead/append] raw/same-schema / raw/hand-rolled = 2.47x
[overhead/append] raw/hand-rolled / raw/same-schema = 0.41x
[overhead/append] happenstance-sqlite / raw/same-schema = 1.79x
[overhead/append] happenstance-sqlite / raw/hand-rolled = 4.41x
[overhead/replay] paired run: 200 recorded rounds, timer overhead 70ns/sample
  raw/same-schema              n=200     median=      848383ns p95=     1088511ns p99=     3088383ns max=     6193151ns              drift=1.031
  happenstance-sqlite          n=200     median=     5513215ns p95=    16580607ns p99=    22020095ns max=    33783807ns              drift=1.021

[overhead/replay] happenstance-sqlite / raw/same-schema = 6.50x
[cross-adapter/append] paired run: 200 recorded rounds, timer overhead 66ns/sample
  memory                       n=200     median=        5803ns p95=       18111ns p99=       35231ns max=       77823ns              drift=0.932
  sqlite                       n=200     median=      540159ns p95=     4124671ns p99=     9715711ns max=   145620991ns              drift=1.051

[cross-adapter/append] sqlite / memory = 93.08x
